// Jest Snapshot v1, https://goo.gl/fbAQLP

exports[`should get all commits 1`] = `
Array [
  Object {
    "date": 1579502284000,
    "files": Array [
      Object {
        "diffType": "M",
        "filename": "CHANGELOG.md",
      },
      Object {
        "diffType": "M",
        "filename": "package.json",
      },
    ],
    "hash": "5ea8c7e951f8d31f928e78ece3c028762adcf7b6",
    "message": "chore(release): 1.2.0
",
    "tags": Array [
      "v1.2.0",
    ],
  },
  Object {
    "date": 1579502255000,
    "files": Array [
      Object {
        "diffType": "M",
        "filename": "src/index.ts",
      },
      Object {
        "diffType": "A",
        "filename": "src/init/index.ts",
      },
    ],
    "hash": "8e3f52a10d45b3387f02b442c74370fcab55252d",
    "message": "feat(init): :sparkles: add \`git init\`
",
    "tags": Array [],
  },
  Object {
    "date": 1577583012000,
    "files": Array [],
    "hash": "68727e0ec0817e6697465ac97481eb8c46c5b7f3",
    "message": "chore(deps): bump handlebars from 4.1.2 to 4.5.3 (#4)

chore(deps): bump handlebars from 4.1.2 to 4.5.3",
    "tags": Array [],
  },
  Object {
    "date": 1577568329000,
    "files": Array [
      Object {
        "diffType": "M",
        "filename": "yarn.lock",
      },
    ],
    "hash": "2577f00d72a5e9c5b739923a18195438e4ee6d73",
    "message": "chore(deps): bump handlebars from 4.1.2 to 4.5.3

Bumps [handlebars](https://github.com/wycats/handlebars.js) from 4.1.2 to 4.5.3.
- [Release notes](https://github.com/wycats/handlebars.js/releases)
- [Changelog](https://github.com/wycats/handlebars.js/blob/master/release-notes.md)
- [Commits](https://github.com/wycats/handlebars.js/compare/v4.1.2...v4.5.3)

Signed-off-by: dependabot[bot] <support@github.com>",
    "tags": Array [],
  },
]
`;
